<html>
<body>
<pre>
<h1>µVision Build Log</h1>
<h2>Tool Versions:</h2>
IDE-Version: ¦ÌVision V5.25.1.0
Copyright (C) 2018 ARM Ltd and ARM Germany GmbH. All rights reserved.
License Information: Microsoft, Microsoft, LIC=S5IEV-PT8B5-MQS0F-6RY0Y-5LI26-0GCQV
 
Tool Versions:
Toolchain:       MDK-ARM Professional  Version: 5.25.1.0
Toolchain Path:  C:\Keil_v5\ARM\ARMCC\Bin
C Compiler:      Armcc.exe V5.06 update 6 (build 750)
Assembler:       Armasm.exe V5.06 update 6 (build 750)
Linker/Locator:  ArmLink.exe V5.06 update 6 (build 750)
Library Manager: ArmAr.exe V5.06 update 6 (build 750)
Hex Converter:   FromElf.exe V5.06 update 6 (build 750)
CPU DLL:         SARMCM3.DLL V5.25.1.0
Dialog DLL:      DARMSTM.DLL V1.68.0.0
Target DLL:      Segger\JL2CM3.dll V2.99.28.0
Dialog DLL:      TARMSTM.DLL V1.66.0.0
 
<h2>Project:</h2>
F:\STM\F103\SWD.uvproj
Project File Date:  10/06/2018

<h2>Output:</h2>
*** Using Compiler 'V5.06 update 6 (build 750)', folder: 'C:\Keil_v5\ARM\ARMCC\Bin'
Build target 'SWD'
compiling delay.c...
linking...
Program Size: Code=91536 RO-data=25204 RW-data=1096 ZI-data=60972  
FromELF: creating hex file...
".\Objects\SWD.axf" - 0 Error(s), 0 Warning(s).
Build Time Elapsed:  00:00:02
</pre>
</body>
</html>
